// Jest Snapshot v1, https://goo.gl/fbAQLP

exports[`tests on HomePage component should show the component without user 1`] = `
<div>
  <h1>
    HomePage 
  </h1>
  <hr />
  <pre
    aria-label="pre"
  />
</div>
`;
