// Jest Snapshot v1, https://goo.gl/fbAQLP

exports[`Pruebas en <FirstApp /> debe de hacer match con el snapshot 1`] = `
<div>
  <h1
    data-testid="test-title"
  >
    Hola, soy Goku
  </h1>
  <h3>
    Number: 
    2
  </h3>
  <p>
    Hola, Soy el subtitulo
  </p>
  <p>
    No hay nombre
  </p>
</div>
`;
