// Jest Snapshot v1, https://goo.gl/fbAQLP

exports[`tests on component AddCategory component should make to match to the snapshot 1`] = `
<div>
  <form
    aria-label="form"
  >
    <input
      placeholder="Buscar gifts"
      type="text"
      value=""
    />
  </form>
</div>
`;
