// Jest Snapshot v1, https://goo.gl/fbAQLP

exports[`tests on component GifGridCategory should show the component correctly 1`] = `
<div>
  <h3>
    One Punch
  </h3>
  <p>
    Loading...
  </p>
</div>
`;
